17:35:34 **** Incremental Build of configuration Debug for project keypad with 7-segment and led ****
make -j4 all 
arm-none-eabi-gcc "../Core/Src/main.c" -mcpu=cortex-m4 -std=gnu11 -g3 -DDEBUG -DUSE_HAL_DRIVER -DSTM32F446xx -c -I../Core/Inc -I../Drivers/STM32F4xx_HAL_Driver/Inc -I../Drivers/STM32F4xx_HAL_Driver/Inc/Legacy -I../Drivers/CMSIS/Device/ST/STM32F4xx/Include -I../Drivers/CMSIS/Include -O0 -ffunction-sections -fdata-sections -Wall -fstack-usage -fcyclomatic-complexity -MMD -MP -MF"Core/Src/main.d" -MT"Core/Src/main.o" --specs=nano.specs -mfpu=fpv4-sp-d16 -mfloat-abi=hard -mthumb -o "Core/Src/main.o"
arm-none-eabi-gcc -o "keypad with 7-segment and led.elf" @"objects.list"   -mcpu=cortex-m4 -T"C:\Users\91830\STM32CubeIDE\key pad\hal\keypad with 7-segment and led\STM32F446RETX_FLASH.ld" --specs=nosys.specs -Wl,-Map="keypad with 7-segment and led.map" -Wl,--gc-sections -static --specs=nano.specs -mfpu=fpv4-sp-d16 -mfloat-abi=hard -mthumb -Wl,--start-group -lc -lm -Wl,--end-group
Finished building target: keypad with 7-segment and led.elf
 
arm-none-eabi-size  keypad\ with\ 7-segment\ and\ led.elf 
arm-none-eabi-objdump -h -S keypad\ with\ 7-segment\ and\ led.elf  > "keypad with 7-segment and led.list"
   text	   data	    bss	    dec	    hex	filename
   3464	     36	   1572	   5072	   13d0	keypad with 7-segment and led.elf
Finished building: default.size.stdout
 
Finished building: keypad with 7-segment and led.list
 
17:35:43 **** Incremental Build of configuration Debug for project keypad with 7-segment and led ****
make -j4 all 
arm-none-eabi-size  keypad\ with\ 7-segment\ and\ led.elf 
   text	   data	    bss	    dec	    hex	filename
   3464	     36	   1572	   5072	   13d0	keypad with 7-segment and led.elf
Finished building: default.size.stdout
 
