../Core/Src/main.c:37:5:main	8	static
../Core/Src/main.c:61:6:SystemClock_Config	4	static
../Core/Src/main.c:68:13:MX_GPIO_Init	32	static
../Core/Src/main.c:86:6:LCD_Init	8	static
../Core/Src/main.c:109:6:LCD_Clear	8	static
../Core/Src/main.c:116:6:LCD_SetCursor	24	static
../Core/Src/main.c:124:6:LCD_WriteChar	16	static
../Core/Src/main.c:130:6:LCD_WriteString	16	static
../Core/Src/main.c:139:6:LCD_SendCommand	16	static
../Core/Src/main.c:148:6:LCD_SendData	16	static
../Core/Src/main.c:157:13:LCD_SendNibble	16	static
../Core/Src/main.c:167:13:LCD_ToggleEnable	8	static
