../Core/Src/main.c:38:5:main	40	static
../Core/Src/main.c:127:6:SystemClock_Config	4	static
../Core/Src/main.c:133:13:MX_GPIO_Init	32	static
../Core/Src/main.c:149:6:LCD_Init	8	static
../Core/Src/main.c:170:6:LCD_Clear	8	static
../Core/Src/main.c:177:6:LCD_SetCursor	24	static
../Core/Src/main.c:185:6:LCD_WriteChar	16	static
../Core/Src/main.c:191:6:LCD_WriteString	16	static
../Core/Src/main.c:200:6:LCD_CreateCustomChar	24	static
../Core/Src/main.c:211:6:LCD_SendCommand	16	static
../Core/Src/main.c:220:6:LCD_SendData	16	static
../Core/Src/main.c:231:13:LCD_SendNibble	16	static
../Core/Src/main.c:242:13:LCD_ToggleEnable	8	static
