16:37:04 **** Incremental Build of configuration Debug for project hal-gpio-7 ****
make -j4 all 
arm-none-eabi-gcc "../Core/Src/main.c" -mcpu=cortex-m4 -std=gnu11 -g3 -DDEBUG -DUSE_HAL_DRIVER -DSTM32F446xx -c -I../Core/Inc -I../Drivers/STM32F4xx_HAL_Driver/Inc -I../Drivers/STM32F4xx_HAL_Driver/Inc/Legacy -I../Drivers/CMSIS/Device/ST/STM32F4xx/Include -I../Drivers/CMSIS/Include -O0 -ffunction-sections -fdata-sections -Wall -fstack-usage -fcyclomatic-complexity -MMD -MP -MF"Core/Src/main.d" -MT"Core/Src/main.o" --specs=nano.specs -mfpu=fpv4-sp-d16 -mfloat-abi=hard -mthumb -o "Core/Src/main.o"
arm-none-eabi-gcc -o "hal-gpio-7.elf" @"objects.list"   -mcpu=cortex-m4 -T"C:\Users\91830\STM32CubeIDE\HAL\hal-gpio-7\STM32F446RETX_FLASH.ld" --specs=nosys.specs -Wl,-Map="hal-gpio-7.map" -Wl,--gc-sections -static --specs=nano.specs -mfpu=fpv4-sp-d16 -mfloat-abi=hard -mthumb -Wl,--start-group -lc -lm -Wl,--end-group
Finished building target: hal-gpio-7.elf
 
arm-none-eabi-size  hal-gpio-7.elf 
arm-none-eabi-objdump -h -S hal-gpio-7.elf  > "hal-gpio-7.list"
   text	   data	    bss	    dec	    hex	filename
   7204	    104	   1912	   9220	   2404	hal-gpio-7.elf
Finished building: default.size.stdout
 
Finished building: hal-gpio-7.list
 

16:37:05 Build Finished. 0 errors, 0 warnings. (took 975ms)

